Archive member included to satisfy reference by file (symbol)

c:/st/stm32cubeide_1.4.0/stm32cubeide/plugins/com.st.stm32cube.ide.mcu.externaltools.gnu-tools-for-stm32.7-2018-q2-update.win32_1.4.0.202007081208/tools/bin/../lib/gcc/arm-none-eabi/7.3.1/../../../../arm-none-eabi/lib/thumb/v7-m\libc_nano.a(lib_a-errno.o)
                              Src/syscalls.o (__errno)
c:/st/stm32cubeide_1.4.0/stm32cubeide/plugins/com.st.stm32cube.ide.mcu.externaltools.gnu-tools-for-stm32.7-2018-q2-update.win32_1.4.0.202007081208/tools/bin/../lib/gcc/arm-none-eabi/7.3.1/../../../../arm-none-eabi/lib/thumb/v7-m\libc_nano.a(lib_a-exit.o)
                              c:/st/stm32cubeide_1.4.0/stm32cubeide/plugins/com.st.stm32cube.ide.mcu.externaltools.gnu-tools-for-stm32.7-2018-q2-update.win32_1.4.0.202007081208/tools/bin/../lib/gcc/arm-none-eabi/7.3.1/../../../../arm-none-eabi/lib/thumb/v7-m/crt0.o (exit)
c:/st/stm32cubeide_1.4.0/stm32cubeide/plugins/com.st.stm32cube.ide.mcu.externaltools.gnu-tools-for-stm32.7-2018-q2-update.win32_1.4.0.202007081208/tools/bin/../lib/gcc/arm-none-eabi/7.3.1/../../../../arm-none-eabi/lib/thumb/v7-m\libc_nano.a(lib_a-impure.o)
                              c:/st/stm32cubeide_1.4.0/stm32cubeide/plugins/com.st.stm32cube.ide.mcu.externaltools.gnu-tools-for-stm32.7-2018-q2-update.win32_1.4.0.202007081208/tools/bin/../lib/gcc/arm-none-eabi/7.3.1/../../../../arm-none-eabi/lib/thumb/v7-m\libc_nano.a(lib_a-exit.o) (_global_impure_ptr)
c:/st/stm32cubeide_1.4.0/stm32cubeide/plugins/com.st.stm32cube.ide.mcu.externaltools.gnu-tools-for-stm32.7-2018-q2-update.win32_1.4.0.202007081208/tools/bin/../lib/gcc/arm-none-eabi/7.3.1/../../../../arm-none-eabi/lib/thumb/v7-m\libc_nano.a(lib_a-init.o)
                              c:/st/stm32cubeide_1.4.0/stm32cubeide/plugins/com.st.stm32cube.ide.mcu.externaltools.gnu-tools-for-stm32.7-2018-q2-update.win32_1.4.0.202007081208/tools/bin/../lib/gcc/arm-none-eabi/7.3.1/../../../../arm-none-eabi/lib/thumb/v7-m/crt0.o (__libc_init_array)
c:/st/stm32cubeide_1.4.0/stm32cubeide/plugins/com.st.stm32cube.ide.mcu.externaltools.gnu-tools-for-stm32.7-2018-q2-update.win32_1.4.0.202007081208/tools/bin/../lib/gcc/arm-none-eabi/7.3.1/../../../../arm-none-eabi/lib/thumb/v7-m\libc_nano.a(lib_a-memset.o)
                              c:/st/stm32cubeide_1.4.0/stm32cubeide/plugins/com.st.stm32cube.ide.mcu.externaltools.gnu-tools-for-stm32.7-2018-q2-update.win32_1.4.0.202007081208/tools/bin/../lib/gcc/arm-none-eabi/7.3.1/../../../../arm-none-eabi/lib/thumb/v7-m/crt0.o (memset)
c:/st/stm32cubeide_1.4.0/stm32cubeide/plugins/com.st.stm32cube.ide.mcu.externaltools.gnu-tools-for-stm32.7-2018-q2-update.win32_1.4.0.202007081208/tools/bin/../lib/gcc/arm-none-eabi/7.3.1/thumb/v7-m\libgcc.a(_arm_addsubdf3.o)
                              HAL/ULTRASONIC.o (__aeabi_f2d)
c:/st/stm32cubeide_1.4.0/stm32cubeide/plugins/com.st.stm32cube.ide.mcu.externaltools.gnu-tools-for-stm32.7-2018-q2-update.win32_1.4.0.202007081208/tools/bin/../lib/gcc/arm-none-eabi/7.3.1/thumb/v7-m\libgcc.a(_arm_muldivdf3.o)
                              HAL/ULTRASONIC.o (__aeabi_dmul)
c:/st/stm32cubeide_1.4.0/stm32cubeide/plugins/com.st.stm32cube.ide.mcu.externaltools.gnu-tools-for-stm32.7-2018-q2-update.win32_1.4.0.202007081208/tools/bin/../lib/gcc/arm-none-eabi/7.3.1/thumb/v7-m\libgcc.a(_arm_truncdfsf2.o)
                              HAL/ULTRASONIC.o (__aeabi_d2f)
c:/st/stm32cubeide_1.4.0/stm32cubeide/plugins/com.st.stm32cube.ide.mcu.externaltools.gnu-tools-for-stm32.7-2018-q2-update.win32_1.4.0.202007081208/tools/bin/../lib/gcc/arm-none-eabi/7.3.1/thumb/v7-m\libgcc.a(_arm_addsubsf3.o)
                              HAL/ULTRASONIC.o (__aeabi_ui2f)
c:/st/stm32cubeide_1.4.0/stm32cubeide/plugins/com.st.stm32cube.ide.mcu.externaltools.gnu-tools-for-stm32.7-2018-q2-update.win32_1.4.0.202007081208/tools/bin/../lib/gcc/arm-none-eabi/7.3.1/thumb/v7-m\libgcc.a(_arm_fixunssfsi.o)
                              Src/APP.o (__aeabi_f2uiz)
c:/st/stm32cubeide_1.4.0/stm32cubeide/plugins/com.st.stm32cube.ide.mcu.externaltools.gnu-tools-for-stm32.7-2018-q2-update.win32_1.4.0.202007081208/tools/bin/../lib/gcc/arm-none-eabi/7.3.1/thumb/v7-m\libgcc.a(_aeabi_uldivmod.o)
                              HAL/LCD.o (__aeabi_uldivmod)
c:/st/stm32cubeide_1.4.0/stm32cubeide/plugins/com.st.stm32cube.ide.mcu.externaltools.gnu-tools-for-stm32.7-2018-q2-update.win32_1.4.0.202007081208/tools/bin/../lib/gcc/arm-none-eabi/7.3.1/thumb/v7-m\libgcc.a(_udivmoddi4.o)
                              c:/st/stm32cubeide_1.4.0/stm32cubeide/plugins/com.st.stm32cube.ide.mcu.externaltools.gnu-tools-for-stm32.7-2018-q2-update.win32_1.4.0.202007081208/tools/bin/../lib/gcc/arm-none-eabi/7.3.1/thumb/v7-m\libgcc.a(_aeabi_uldivmod.o) (__udivmoddi4)
c:/st/stm32cubeide_1.4.0/stm32cubeide/plugins/com.st.stm32cube.ide.mcu.externaltools.gnu-tools-for-stm32.7-2018-q2-update.win32_1.4.0.202007081208/tools/bin/../lib/gcc/arm-none-eabi/7.3.1/thumb/v7-m\libgcc.a(_dvmd_tls.o)
[...]
Memory Configuration

Name             Origin             Length             Attributes
RAM              0x0000000020000000 0x0000000000005000 xrw
ROM              0x0000000008000000 0x0000000000010000 xr
*default*        0x0000000000000000 0xffffffffffffffff

Linker script and memory map

LOAD c:/st/stm32cubeide_1.4.0/stm32cubeide/plugins/com.st.stm32cube.ide.mcu.externaltools.gnu-tools-for-stm32.7-2018-q2-update.win32_1.4.0.202007081208/tools/bin/../lib/gcc/arm-none-eabi/7.3.1/thumb/v7-m/crti.o
LOAD c:/st/stm32cubeide_1.4.0/stm32cubeide/plugins/com.st.stm32cube.ide.mcu.externaltools.gnu-tools-for-stm32.7-2018-q2-update.win32_1.4.0.202007081208/tools/bin/../lib/gcc/arm-none-eabi/7.3.1/thumb/v7-m/crtbegin.o
LOAD c:/st/stm32cubeide_1.4.0/stm32cubeide/plugins/com.st.stm32cube.ide.mcu.externaltools.gnu-tools-for-stm32.7-2018-q2-update.win32_1.4.0.202007081208/tools/bin/../lib/gcc/arm-none-eabi/7.3.1/../../../../arm-none-eabi/lib/thumb/v7-m/crt0.o
LOAD HAL/BUZZER.o
LOAD HAL/DC.o
LOAD HAL/LCD.o
LOAD HAL/LDR.o
LOAD HAL/ULTRASONIC.o
LOAD STM_Drivers/ADC.o
LOAD STM_Drivers/EXTI.o
LOAD STM_Drivers/GPIO.o
LOAD STM_Drivers/I2C.o
LOAD STM_Drivers/RCC.o
LOAD STM_Drivers/SPI.o
LOAD STM_Drivers/STK.o
LOAD STM_Drivers/TIMER.o
LOAD STM_Drivers/UART.o
LOAD Src/APP.o
LOAD Src/syscalls.o
LOAD Src/sysmem.o
LOAD Startup/startup_stm32f103c8tx.o
START GROUP
LOAD c:/st/stm32cubeide_1.4.0/stm32cubeide/plugins/com.st.stm32cube.ide.mcu.externaltools.gnu-tools-for-stm32.7-2018-q2-update.win32_1.4.0.202007081208/tools/bin/../lib/gcc/arm-none-eabi/7.3.1/../../../../arm-none-eabi/lib/thumb/v7-m\libc_nano.a
LOAD c:/st/stm32cubeide_1.4.0/stm32cubeide/plugins/com.st.stm32cube.ide.mcu.externaltools.gnu-tools-for-stm32.7-2018-q2-update.win32_1.4.0.202007081208/tools/bin/../lib/gcc/arm-none-eabi/7.3.1/../../../../arm-none-eabi/lib/thumb/v7-m\libm.a
END GROUP
START GROUP
LOAD c:/st/stm32cubeide_1.4.0/stm32cubeide/plugins/com.st.stm32cube.ide.mcu.externaltools.gnu-tools-for-stm32.7-2018-q2-update.win32_1.4.0.202007081208/tools/bin/../lib/gcc/arm-none-eabi/7.3.1/thumb/v7-m\libgcc.a
LOAD c:/st/stm32cubeide_1.4.0/stm32cubeide/plugins/com.st.stm32cube.ide.mcu.externaltools.gnu-tools-for-stm32.7-2018-q2-update.win32_1.4.0.202007081208/tools/bin/../lib/gcc/arm-none-eabi/7.3.1/../../../../arm-none-eabi/lib/thumb/v7-m\libg_nano.a
LOAD c:/st/stm32cubeide_1.4.0/stm32cubeide/plugins/com.st.stm32cube.ide.mcu.externaltools.gnu-tools-for-stm32.7-2018-q2-update.win32_1.4.0.202007081208/tools/bin/../lib/gcc/arm-none-eabi/7.3.1/../../../../arm-none-eabi/lib/thumb/v7-m\libc_nano.a
END GROUP
START GROUP
LOAD c:/st/stm32cubeide_1.4.0/stm32cubeide/plugins/com.st.stm32cube.ide.mcu.externaltools.gnu-tools-for-stm32.7-2018-q2-update.win32_1.4.0.202007081208/tools/bin/../lib/gcc/arm-none-eabi/7.3.1/thumb/v7-m\libgcc.a
LOAD c:/st/stm32cubeide_1.4.0/stm32cubeide/plugins/com.st.stm32cube.ide.mcu.externaltools.gnu-tools-for-stm32.7-2018-q2-update.win32_1.4.0.202007081208/tools/bin/../lib/gcc/arm-none-eabi/7.3.1/../../../../arm-none-eabi/lib/thumb/v7-m\libc_nano.a
LOAD c:/st/stm32cubeide_1.4.0/stm32cubeide/plugins/com.st.stm32cube.ide.mcu.externaltools.gnu-tools-for-stm32.7-2018-q2-update.win32_1.4.0.202007081208/tools/bin/../lib/gcc/arm-none-eabi/7.3.1/../../../../arm-none-eabi/lib/thumb/v7-m\libnosys.a
END GROUP
START GROUP
LOAD c:/st/stm32cubeide_1.4.0/stm32cubeide/plugins/com.st.stm32cube.ide.mcu.externaltools.gnu-tools-for-stm32.7-2018-q2-update.win32_1.4.0.202007081208/tools/bin/../lib/gcc/arm-none-eabi/7.3.1/thumb/v7-m\libgcc.a
LOAD c:/st/stm32cubeide_1.4.0/stm32cubeide/plugins/com.st.stm32cube.ide.mcu.externaltools.gnu-tools-for-stm32.7-2018-q2-update.win32_1.4.0.202007081208/tools/bin/../lib/gcc/arm-none-eabi/7.3.1/../../../../arm-none-eabi/lib/thumb/v7-m\libc_nano.a
LOAD c:/st/stm32cubeide_1.4.0/stm32cubeide/plugins/com.st.stm32cube.ide.mcu.externaltools.gnu-tools-for-stm32.7-2018-q2-update.win32_1.4.0.202007081208/tools/bin/../lib/gcc/arm-none-eabi/7.3.1/../../../../arm-none-eabi/lib/thumb/v7-m\libnosys.a
END GROUP
LOAD c:/st/stm32cubeide_1.4.0/stm32cubeide/plugins/com.st.stm32cube.ide.mcu.externaltools.gnu-tools-for-stm32.7-2018-q2-update.win32_1.4.0.202007081208/tools/bin/../lib/gcc/arm-none-eabi/7.3.1/thumb/v7-m/crtend.o
LOAD c:/st/stm32cubeide_1.4.0/stm32cubeide/plugins/com.st.stm32cube.ide.mcu.externaltools.gnu-tools-for-stm32.7-2018-q2-update.win32_1.4.0.202007081208/tools/bin/../lib/gcc/arm-none-eabi/7.3.1/thumb/v7-m/crtn.o
                0x0000000020005000                _estack = (ORIGIN (RAM) + LENGTH (RAM))
                0x0000000000000200                _Min_Heap_Size = 0x200
                0x0000000000000400                _Min_Stack_Size = 0x400

.isr_vector     0x0000000008000000      0x130
                0x0000000008000000                . = ALIGN (0x4)
 *(.isr_vector)
 .isr_vector    0x0000000008000000      0x130 Startup/startup_stm32f103c8tx.o
                0x0000000008000000                g_pfnVectors
                0x0000000008000130                . = ALIGN (0x4)

.text           0x0000000008000130     0x2264
                0x0000000008000130                . = ALIGN (0x4)
 *(.text)
 .text          0x0000000008000130       0x40 c:/st/stm32cubeide_1.4.0/stm32cubeide/plugins/com.st.stm32cube.ide.mcu.externaltools.gnu-tools-for-stm32.7-2018-q2-update.win32_1.4.0.202007081208/tools/bin/../lib/gcc/arm-none-eabi/7.3.1/thumb/v7-m/crtbegin.o
 .text          0x0000000008000170      0x378 c:/st/stm32cubeide_1.4.0/stm32cubeide/plugins/com.st.stm32cube.ide.mcu.externaltools.gnu-tools-for-stm32.7-2018-q2-update.win32_1.4.0.202007081208/tools/bin/../lib/gcc/arm-none-eabi/7.3.1/thumb/v7-m\libgcc.a(_arm_addsubdf3.o)
                0x0000000008000170                __aeabi_drsub
                0x0000000008000178                __aeabi_dsub
                0x0000000008000178                __subdf3
                0x000000000800017c                __aeabi_dadd
                0x000000000800017c                __adddf3
                0x00000000080003f4                __floatunsidf
                0x00000000080003f4                __aeabi_ui2d
                0x0000000008000414                __floatsidf
                0x0000000008000414                __aeabi_i2d
                0x0000000008000438                __aeabi_f2d
                0x0000000008000438                __extendsfdf2
                0x000000000800047c                __floatundidf
                0x000000000800047c                __aeabi_ul2d
                0x000000000800048c                __floatdidf
                0x000000000800048c                __aeabi_l2d
 .text          0x00000000080004e8      0x424 c:/st/stm32cubeide_1.4.0/stm32cubeide/plugins/com.st.stm32cube.ide.mcu.externaltools.gnu-tools-for-stm32.7-2018-q2-update.win32_1.4.0.202007081208/tools/bin/../lib/gcc/arm-none-eabi/7.3.1/thumb/v7-m\libgcc.a(_arm_muldivdf3.o)
                0x00000000080004e8                __aeabi_dmul
                0x00000000080004e8                __muldf3
                0x000000000800073c                __divdf3
                0x000000000800073c                __aeabi_ddiv
 .text          0x000000000800090c       0xa0 c:/st/stm32cubeide_1.4.0/stm32cubeide/plugins/com.st.stm32cube.ide.mcu.externaltools.gnu-tools-for-stm32.7-2018-q2-update.win32_1.4.0.202007081208/tools/bin/../lib/gcc/arm-none-eabi/7.3.1/thumb/v7-m\libgcc.a(_arm_truncdfsf2.o)
                0x000000000800090c                __truncdfsf2
                0x000000000800090c                __aeabi_d2f
 .text          0x00000000080009ac      0x21c c:/st/stm32cubeide_1.4.0/stm32cubeide/plugins/com.st.stm32cube.ide.mcu.externaltools.gnu-tools-for-stm32.7-2018-q2-update.win32_1.4.0.202007081208/tools/bin/../lib/gcc/arm-none-eabi/7.3.1/thumb/v7-m\libgcc.a(_arm_addsubsf3.o)
                0x00000000080009ac                __aeabi_frsub
                0x00000000080009b4                __subsf3
                0x00000000080009b4                __aeabi_fsub
                0x00000000080009b8                __aeabi_fadd
                0x00000000080009b8                __addsf3
                0x0000000008000b18                __aeabi_ui2f
                0x0000000008000b18                __floatunsisf
                0x0000000008000b20                __aeabi_i2f
                0x0000000008000b20                __floatsisf
                0x0000000008000b3c                __aeabi_ul2f
                0x0000000008000b3c                __floatundisf
                0x0000000008000b4c                __aeabi_l2f
                0x0000000008000b4c                __floatdisf
 .text          0x0000000008000bc8       0x40 c:/st/stm32cubeide_1.4.0/stm32cubeide/plugins/com.st.stm32cube.ide.mcu.externaltools.gnu-tools-for-stm32.7-2018-q2-update.win32_1.4.0.202007081208/tools/bin/../lib/gcc/arm-none-eabi/7.3.1/thumb/v7-m\libgcc.a(_arm_fixunssfsi.o)
                0x0000000008000bc8                __fixunssfsi
                0x0000000008000bc8                __aeabi_f2uiz
 *(.text*)
 .text.HAL_Buzzer_Init
                0x0000000008000c08       0x2c HAL/BUZZER.o
                0x0000000008000c08                HAL_Buzzer_Init
 .text.HAL_Buzzer_ON
                0x0000000008000c34       0x18 HAL/BUZZER.o
                0x0000000008000c34                HAL_Buzzer_ON
 .text.HAL_Buzzer_OFF
                0x0000000008000c4c       0x18 HAL/BUZZER.o
                0x0000000008000c4c                HAL_Buzzer_OFF
 .text.HAL_Motor1_init
                0x0000000008000c64       0x4c HAL/DC.o
                0x0000000008000c64                HAL_Motor1_init
 .text.HAL_Motor2_init
                0x0000000008000cb0       0x4c HAL/DC.o
                0x0000000008000cb0                HAL_Motor2_init
 .text.HAL_Motor_Stop
                0x0000000008000cfc       0x4c HAL/DC.o
                0x0000000008000cfc                HAL_Motor_Stop
 .text.HAL_Motor1_Direction
                0x0000000008000d48       0x64 HAL/DC.o
                0x0000000008000d48                HAL_Motor1_Direction
 .text.HAL_Motor2_Direction
                0x0000000008000dac       0x64 HAL/DC.o
                0x0000000008000dac                HAL_Motor2_Direction
 .text.HAL_Speed_Motor
                0x0000000008000e10       0x4c HAL/DC.o
                0x0000000008000e10                HAL_Speed_Motor
 .text.HAL_LDR_Init
                0x0000000008000e5c       0x28 HAL/LDR.o
                0x0000000008000e5c                HAL_LDR_Init
 .text.HAL_LDR_Output_Value
                0x0000000008000e84       0x1e HAL/LDR.o
                0x0000000008000e84                HAL_LDR_Output_Value
 .text.udelay   0x0000000008000ea2       0x30 HAL/ULTRASONIC.o
                0x0000000008000ea2                udelay
 *fill*         0x0000000008000ed2        0x6 
 .text.HAL_Ultrasonic_get_distance
                0x0000000008000ed8       0xd4 HAL/ULTRASONIC.o
                0x0000000008000ed8                HAL_Ultrasonic_get_distance
 .text.MCAL_ADC_init
                0x0000000008000fac       0x68 STM_Drivers/ADC.o
                0x0000000008000fac                MCAL_ADC_init
 .text.MCAL_ADC_SelectChannel
                0x0000000008001014       0x24 STM_Drivers/ADC.o
                0x0000000008001014                MCAL_ADC_SelectChannel
 .text.MCAL_ADC_ConvertToDigital
                0x0000000008001038       0x4c STM_Drivers/ADC.o
                0x0000000008001038                MCAL_ADC_ConvertToDigital
 .text.EXTI0_IRQHandler
                0x0000000008001084       0x24 STM_Drivers/EXTI.o
                0x0000000008001084                EXTI0_IRQHandler
 .text.EXTI1_IRQHandler
                0x00000000080010a8       0x24 STM_Drivers/EXTI.o
                0x00000000080010a8                EXTI1_IRQHandler
 .text.EXTI2_IRQHandler
                0x00000000080010cc       0x24 STM_Drivers/EXTI.o
                0x00000000080010cc                EXTI2_IRQHandler
 .text.EXTI3_IRQHandler
                0x00000000080010f0       0x24 STM_Drivers/EXTI.o
                0x00000000080010f0                EXTI3_IRQHandler
 .text.EXTI4_IRQHandler
                0x0000000008001114       0x24 STM_Drivers/EXTI.o
                0x0000000008001114                EXTI4_IRQHandler
 .text.EXTI9_5_IRQHandler
                0x0000000008001138       0xa8 STM_Drivers/EXTI.o
                0x0000000008001138                EXTI9_5_IRQHandler
 .text.EXTI15_10_IRQHandler
                0x00000000080011e0       0xc4 STM_Drivers/EXTI.o
                0x00000000080011e0                EXTI15_10_IRQHandler
 .text.Get_CRLH_Position
                0x00000000080012a4       0xc6 STM_Drivers/GPIO.o
                0x00000000080012a4                Get_CRLH_Position
 .text.MCAL_GPIO_Init
                0x000000000800136a       0xfe STM_Drivers/GPIO.o
                0x000000000800136a                MCAL_GPIO_Init
 .text.MCAL_GPIO_ReadPin
                0x0000000008001468       0x2e STM_Drivers/GPIO.o
                0x0000000008001468                MCAL_GPIO_ReadPin
 .text.MCAL_GPIO_WritePin
                0x0000000008001496       0x2e STM_Drivers/GPIO.o
                0x0000000008001496                MCAL_GPIO_WritePin
 .text.I2C1_ER_IRQHandler
                0x00000000080014c4        0xc STM_Drivers/I2C.o
                0x00000000080014c4                I2C1_ER_IRQHandler
 .text.I2C1_EV_IRQHandler
                0x00000000080014d0       0xec STM_Drivers/I2C.o
                0x00000000080014d0                I2C1_EV_IRQHandler
 .text.Slave_States
                0x00000000080015bc       0xe0 STM_Drivers/I2C.o
                0x00000000080015bc                Slave_States
 .text.I2C2_ER_IRQHandler
                0x000000000800169c        0xc STM_Drivers/I2C.o
                0x000000000800169c                I2C2_ER_IRQHandler
 .text.I2C2_EV_IRQHandler
                0x00000000080016a8        0xc STM_Drivers/I2C.o
                0x00000000080016a8                I2C2_EV_IRQHandler
 .text.MCAL_RCC_GetSYS_CLCKFreq
                0x00000000080016b4       0x3c STM_Drivers/RCC.o
                0x00000000080016b4                MCAL_RCC_GetSYS_CLCKFreq
 .text.MCAL_RCC_GetHCLKFreq
                0x00000000080016f0       0x28 STM_Drivers/RCC.o
                0x00000000080016f0                MCAL_RCC_GetHCLKFreq
 .text.MCAL_RCC_GetPCLK1Freq
                0x0000000008001718       0x28 STM_Drivers/RCC.o
                0x0000000008001718                MCAL_RCC_GetPCLK1Freq
 .text.MCAL_RCC_GetPCLK2Freq
                0x0000000008001740       0x28 STM_Drivers/RCC.o
                0x0000000008001740                MCAL_RCC_GetPCLK2Freq
 .text.SPI1_IRQHandler
                0x0000000008001768       0x5c STM_Drivers/SPI.o
                0x0000000008001768                SPI1_IRQHandler
 .text.SPI2_IRQHandler
                0x00000000080017c4       0x5c STM_Drivers/SPI.o
                0x00000000080017c4                SPI2_IRQHandler
 .text.STK_u8SetuSBusyWait
                0x0000000008001820       0x80 STM_Drivers/STK.o
                0x0000000008001820                STK_u8SetuSBusyWait
 .text.SysTick_Handler
                0x00000000080018a0       0x5c STM_Drivers/STK.o
                0x00000000080018a0                SysTick_Handler
 .text.TIM2_Init
                0x00000000080018fc       0x80 STM_Drivers/TIMER.o
                0x00000000080018fc                TIM2_Init
 .text.Delay_us
                0x000000000800197c       0x54 STM_Drivers/TIMER.o
                0x000000000800197c                Delay_us
 .text.Delay_ms
                0x00000000080019d0       0x2c STM_Drivers/TIMER.o
                0x00000000080019d0                Delay_ms
 .text.Delay_Sec
                0x00000000080019fc       0x2c STM_Drivers/TIMER.o
                0x00000000080019fc                Delay_Sec
 .text.TIM1_Init_PWM
                0x0000000008001a28       0xd0 STM_Drivers/TIMER.o
                0x0000000008001a28                TIM1_Init_PWM
 .text.Timer1_PWM1_Set_Value
                0x0000000008001af8       0x2c STM_Drivers/TIMER.o
                0x0000000008001af8                Timer1_PWM1_Set_Value
 .text.MCAL_UART_Init
                0x0000000008001b24      0x188 STM_Drivers/UART.o
                0x0000000008001b24                MCAL_UART_Init
 .text.MCAL_UART_SendData
                0x0000000008001cac       0x44 STM_Drivers/UART.o
                0x0000000008001cac                MCAL_UART_SendData
 .text.MCAL_UART_ReceiveData
                0x0000000008001cf0       0x5c STM_Drivers/UART.o
                0x0000000008001cf0                MCAL_UART_ReceiveData
 .text.MCAL_UART_GPIO_Set_Pins
                0x0000000008001d4c       0xcc STM_Drivers/UART.o
                0x0000000008001d4c                MCAL_UART_GPIO_Set_Pins
 .text.USART1_IRQHandler
                0x0000000008001e18       0x14 STM_Drivers/UART.o
                0x0000000008001e18                USART1_IRQHandler
 .text.USART2_IRQHandler
                0x0000000008001e2c       0x14 STM_Drivers/UART.o
                0x0000000008001e2c                USART2_IRQHandler
 .text.USART3_IRQHandler
                0x0000000008001e40       0x14 STM_Drivers/UART.o
                0x0000000008001e40                USART3_IRQHandler
 .text.Bluetooth_Task
                0x0000000008001e54      0x398 Src/APP.o
                0x0000000008001e54                Bluetooth_Task
 .text.main     0x00000000080021ec       0xf4 Src/APP.o
                0x00000000080021ec                main
 .text.Reset_Handler
                0x00000000080022e0       0x50 Startup/startup_stm32f103c8tx.o
                0x00000000080022e0                Reset_Handler
 .text.Default_Handler
                0x0000000008002330        0x2 Startup/startup_stm32f103c8tx.o
                0x0000000008002330                TIM8_TRG_COM_IRQHandler
                0x0000000008002330                TIM8_CC_IRQHandler
                0x0000000008002330                DebugMon_Handler
                0x0000000008002330                TIM1_CC_IRQHandler
                0x0000000008002330                HardFault_Handler
                0x0000000008002330                TIM6_IRQHandler
                0x0000000008002330                PVD_IRQHandler
                0x0000000008002330                SDIO_IRQHandler
                0x0000000008002330                PendSV_Handler
                0x0000000008002330                NMI_Handler
                0x0000000008002330                USB_HP_CAN_TX_IRQHandler
                0x0000000008002330                UsageFault_Handler
                0x0000000008002330                ADC1_2_IRQHandler
                0x0000000008002330                CAN_SCE_IRQHandler
                0x0000000008002330                TAMPER_IRQHandler
                0x0000000008002330                TIM8_UP_IRQHandler
                0x0000000008002330                DMA2_Channel2_IRQHandler
                0x0000000008002330                DMA1_Channel4_IRQHandler
                0x0000000008002330                RTC_IRQHandler
                0x0000000008002330                DMA1_Channel7_IRQHandler
                0x0000000008002330                UART5_IRQHandler
                0x0000000008002330                ADC3_IRQHandler
                0x0000000008002330                TIM4_IRQHandler
                0x0000000008002330                CAN_RX1_IRQHandler
                0x0000000008002330                DMA2_Channel1_IRQHandler
                0x0000000008002330                DMA1_Channel6_IRQHandler
                0x0000000008002330                UART4_IRQHandler
                0x0000000008002330                TIM3_IRQHandler
                0x0000000008002330                RCC_IRQHandler
                0x0000000008002330                TIM1_TRG_COM_IRQHandler
                0x0000000008002330                DMA1_Channel1_IRQHandler
                0x0000000008002330                Default_Handler
                0x0000000008002330                TIM7_IRQHandler
                0x0000000008002330                TIM5_IRQHandler
                0x0000000008002330                USB_LP_CAN_RX0_IRQHandler
                0x0000000008002330                MemManage_Handler
                0x0000000008002330                SVC_Handler
                0x0000000008002330                DMA1_Channel5_IRQHandler
                0x0000000008002330                DMA1_Channel3_IRQHandler
                0x0000000008002330                FSMC_IRQHandler
                0x0000000008002330                TIM1_UP_IRQHandler
                0x0000000008002330                WWDG_IRQHandler
                0x0000000008002330                TIM2_IRQHandler
                0x0000000008002330                TIM1_BRK_IRQHandler
                0x0000000008002330                RTCAlarm_IRQHandler
                0x0000000008002330                DMA2_Channel4_5_IRQHandler
                0x0000000008002330                DMA1_Channel2_IRQHandler
                0x0000000008002330                TIM8_BRK_IRQHandler
                0x0000000008002330                FLASH_IRQHandler
                0x0000000008002330                BusFault_Handler
                0x0000000008002330                SPI3_IRQHandler
                0x0000000008002330                DMA2_Channel3_IRQHandler
 *fill*         0x0000000008002332        0x2 
 .text.__libc_init_array
                0x0000000008002334       0x48 c:/st/stm32cubeide_1.4.0/stm32cubeide/plugins/com.st.stm32cube.ide.mcu.externaltools.gnu-tools-for-stm32.7-2018-q2-update.win32_1.4.0.202007081208/tools/bin/../lib/gcc/arm-none-eabi/7.3.1/../../../../arm-none-eabi/lib/thumb/v7-m\libc_nano.a(lib_a-init.o)
                0x0000000008002334                __libc_init_array
 *(.glue_7)
 .glue_7        0x000000000800237c        0x0 linker stubs
 *(.glue_7t)
 .glue_7t       0x000000000800237c        0x0 linker stubs
 *(.eh_frame)
 .eh_frame      0x000000000800237c        0x0 c:/st/stm32cubeide_1.4.0/stm32cubeide/plugins/com.st.stm32cube.ide.mcu.externaltools.gnu-tools-for-stm32.7-2018-q2-update.win32_1.4.0.202007081208/tools/bin/../lib/gcc/arm-none-eabi/7.3.1/thumb/v7-m/crtbegin.o
 *(.init)
 .init          0x000000000800237c        0x4 c:/st/stm32cubeide_1.4.0/stm32cubeide/plugins/com.st.stm32cube.ide.mcu.externaltools.gnu-tools-for-stm32.7-2018-q2-update.win32_1.4.0.202007081208/tools/bin/../lib/gcc/arm-none-eabi/7.3.1/thumb/v7-m/crti.o
                0x000000000800237c                _init
 .init          0x0000000008002380        0x8 c:/st/stm32cubeide_1.4.0/stm32cubeide/plugins/com.st.stm32cube.ide.mcu.externaltools.gnu-tools-for-stm32.7-2018-q2-update.win32_1.4.0.202007081208/tools/bin/../lib/gcc/arm-none-eabi/7.3.1/thumb/v7-m/crtn.o
 *(.fini)
 .fini          0x0000000008002388        0x4 c:/st/stm32cubeide_1.4.0/stm32cubeide/plugins/com.st.stm32cube.ide.mcu.externaltools.gnu-tools-for-stm32.7-2018-q2-update.win32_1.4.0.202007081208/tools/bin/../lib/gcc/arm-none-eabi/7.3.1/thumb/v7-m/crti.o
                0x0000000008002388                _fini
 .fini          0x000000000800238c        0x8 c:/st/stm32cubeide_1.4.0/stm32cubeide/plugins/com.st.stm32cube.ide.mcu.externaltools.gnu-tools-for-stm32.7-2018-q2-update.win32_1.4.0.202007081208/tools/bin/../lib/gcc/arm-none-eabi/7.3.1/thumb/v7-m/crtn.o
                0x0000000008002394                . = ALIGN (0x4)
                0x0000000008002394                _etext = .

.vfp11_veneer   0x0000000008002394        0x0
 .vfp11_veneer  0x0000000008002394        0x0 linker stubs

.v4_bx          0x0000000008002394        0x0
 .v4_bx         0x0000000008002394        0x0 linker stubs

.iplt           0x0000000008002394        0x0
 .iplt          0x0000000008002394        0x0 c:/st/stm32cubeide_1.4.0/stm32cubeide/plugins/com.st.stm32cube.ide.mcu.externaltools.gnu-tools-for-stm32.7-2018-q2-update.win32_1.4.0.202007081208/tools/bin/../lib/gcc/arm-none-eabi/7.3.1/thumb/v7-m/crtbegin.o

.rodata         0x0000000008002394       0x18
                0x0000000008002394                . = ALIGN (0x4)
 *(.rodata)
 *(.rodata*)
 .rodata.APBPrescTable
                0x0000000008002394        0x8 STM_Drivers/RCC.o
                0x0000000008002394                APBPrescTable
 .rodata.AHBPrescTable
                0x000000000800239c       0x10 STM_Drivers/RCC.o
                0x000000000800239c                AHBPrescTable
                0x00000000080023ac                . = ALIGN (0x4)

.rel.dyn        0x00000000080023ac        0x0
 .rel.iplt      0x00000000080023ac        0x0 c:/st/stm32cubeide_1.4.0/stm32cubeide/plugins/com.st.stm32cube.ide.mcu.externaltools.gnu-tools-for-stm32.7-2018-q2-update.win32_1.4.0.202007081208/tools/bin/../lib/gcc/arm-none-eabi/7.3.1/thumb/v7-m/crtbegin.o

.ARM.extab      0x00000000080023ac        0x0
                0x00000000080023ac                . = ALIGN (0x4)
 *(.ARM.extab* .gnu.linkonce.armextab.*)
                0x00000000080023ac                . = ALIGN (0x4)

.ARM            0x00000000080023ac        0x0
                0x00000000080023ac                . = ALIGN (0x4)
                0x00000000080023ac                __exidx_start = .
 *(.ARM.exidx*)
                0x00000000080023ac                __exidx_end = .
                0x00000000080023ac                . = ALIGN (0x4)

.preinit_array  0x00000000080023ac        0x0
                0x00000000080023ac                . = ALIGN (0x4)
                0x00000000080023ac                PROVIDE (__preinit_array_start = .)
 *(.preinit_array*)
                0x00000000080023ac                PROVIDE (__preinit_array_end = .)
                0x00000000080023ac                . = ALIGN (0x4)

.init_array     0x00000000080023ac        0x4
                0x00000000080023ac                . = ALIGN (0x4)
                0x00000000080023ac                PROVIDE (__init_array_start = .)
 *(SORT_BY_NAME(.init_array.*))
 *(.init_array*)
 .init_array    0x00000000080023ac        0x4 c:/st/stm32cubeide_1.4.0/stm32cubeide/plugins/com.st.stm32cube.ide.mcu.externaltools.gnu-tools-for-stm32.7-2018-q2-update.win32_1.4.0.202007081208/tools/bin/../lib/gcc/arm-none-eabi/7.3.1/thumb/v7-m/crtbegin.o
                0x00000000080023b0                PROVIDE (__init_array_end = .)
                0x00000000080023b0                . = ALIGN (0x4)

.fini_array     0x00000000080023b0        0x4
                0x00000000080023b0                . = ALIGN (0x4)
                [!provide]                        PROVIDE (__fini_array_start = .)
 *(SORT_BY_NAME(.fini_array.*))
 *(.fini_array*)
 .fini_array    0x00000000080023b0        0x4 c:/st/stm32cubeide_1.4.0/stm32cubeide/plugins/com.st.stm32cube.ide.mcu.externaltools.gnu-tools-for-stm32.7-2018-q2-update.win32_1.4.0.202007081208/tools/bin/../lib/gcc/arm-none-eabi/7.3.1/thumb/v7-m/crtbegin.o
                [!provide]                        PROVIDE (__fini_array_end = .)
                0x00000000080023b4                . = ALIGN (0x4)
                0x00000000080023b4                _sidata = LOADADDR (.data)

.data           0x0000000020000000        0x0 load address 0x00000000080023b4
                0x0000000020000000                . = ALIGN (0x4)
                0x0000000020000000                _sdata = .
 *(.data)
 *(.data*)
                0x0000000020000000                . = ALIGN (0x4)
                0x0000000020000000                _edata = .

.igot.plt       0x0000000020000000        0x0 load address 0x00000000080023b4
 .igot.plt      0x0000000020000000        0x0 c:/st/stm32cubeide_1.4.0/stm32cubeide/plugins/com.st.stm32cube.ide.mcu.externaltools.gnu-tools-for-stm32.7-2018-q2-update.win32_1.4.0.202007081208/tools/bin/../lib/gcc/arm-none-eabi/7.3.1/thumb/v7-m/crtbegin.o
                0x0000000020000000                . = ALIGN (0x4)

.bss            0x0000000020000000       0xc0 load address 0x00000000080023b4
                0x0000000020000000                _sbss = .
                0x0000000020000000                __bss_start__ = _sbss
 *(.bss)
 .bss           0x0000000020000000       0x1c c:/st/stm32cubeide_1.4.0/stm32cubeide/plugins/com.st.stm32cube.ide.mcu.externaltools.gnu-tools-for-stm32.7-2018-q2-update.win32_1.4.0.202007081208/tools/bin/../lib/gcc/arm-none-eabi/7.3.1/thumb/v7-m/crtbegin.o
 *(.bss*)
 .bss.Global_I2C_Config
                0x000000002000001c       0x48 STM_Drivers/I2C.o
                0x000000002000001c                Global_I2C_Config
 .bss.G_SPI_Config
                0x0000000020000064        0x8 STM_Drivers/SPI.o
                0x0000000020000064                G_SPI_Config
 .bss.STK_Pf    0x000000002000006c        0x4 STM_Drivers/STK.o
 .bss.STK_u8ModeOfInterval
                0x0000000020000070        0x1 STM_Drivers/STK.o
 *fill*         0x0000000020000071        0x3 
 .bss.Global_UART_Config
                0x0000000020000074        0x4 STM_Drivers/UART.o
                0x0000000020000074                Global_UART_Config
 .bss.ch        0x0000000020000078        0x1 Src/APP.o
                0x0000000020000078                ch
 .bss.light     0x0000000020000079        0x1 Src/APP.o
                0x0000000020000079                light
 .bss.d         0x000000002000007a        0x1 Src/APP.o
                0x000000002000007a                d
 *(COMMON)
 *fill*         0x000000002000007b        0x1 
 COMMON         0x000000002000007c        0x4 HAL/BUZZER.o
                0x000000002000007c                Buz_CFG
 COMMON         0x0000000020000080        0x4 HAL/LDR.o
                0x0000000020000080                ldr_Cfg
 COMMON         0x0000000020000084       0x3c STM_Drivers/EXTI.o
                0x0000000020000084                GP_IRQ_CallBack
                0x00000000200000c0                . = ALIGN (0x4)
                0x00000000200000c0                _ebss = .
                0x00000000200000c0                __bss_end__ = _ebss

._user_heap_stack
                0x00000000200000c0      0x600 load address 0x00000000080023b4
                0x00000000200000c0                . = ALIGN (0x8)
                [!provide]                        PROVIDE (end = .)
                0x00000000200000c0                PROVIDE (_end = .)
                0x00000000200002c0                . = (. + _Min_Heap_Size)
 *fill*         0x00000000200000c0      0x200 
                0x00000000200006c0                . = (. + _Min_Stack_Size)
 *fill*         0x00000000200002c0      0x400 
                0x00000000200006c0                . = ALIGN (0x8)

/DISCARD/
 libc.a(*)
 libm.a(*)
 libgcc.a(*)

.ARM.attributes
                0x0000000000000000       0x29
 *(.ARM.attributes)
 .ARM.attributes
                0x0000000000000000       0x1d c:/st/stm32cubeide_1.4.0/stm32cubeide/plugins/com.st.stm32cube.ide.mcu.externaltools.gnu-tools-for-stm32.7-2018-q2-update.win32_1.4.0.202007081208/tools/bin/../lib/gcc/arm-none-eabi/7.3.1/thumb/v7-m/crti.o
 .ARM.attributes
                0x000000000000001d       0x2d c:/st/stm32cubeide_1.4.0/stm32cubeide/plugins/com.st.stm32cube.ide.mcu.externaltools.gnu-tools-for-stm32.7-2018-q2-update.win32_1.4.0.202007081208/tools/bin/../lib/gcc/arm-none-eabi/7.3.1/thumb/v7-m/crtbegin.o
 .ARM.attributes
                0x000000000000004a       0x33 HAL/BUZZER.o
 .ARM.attributes
                0x000000000000007d       0x33 HAL/DC.o
 .ARM.attributes
                0x00000000000000b0       0x33 HAL/LDR.o
 .ARM.attributes
                0x00000000000000e3       0x33 HAL/ULTRASONIC.o
 .ARM.attributes
                0x0000000000000116       0x33 STM_Drivers/ADC.o
 .ARM.attributes
                0x0000000000000149       0x33 STM_Drivers/EXTI.o
 .ARM.attributes
                0x000000000000017c       0x33 STM_Drivers/GPIO.o
 .ARM.attributes
                0x00000000000001af       0x33 STM_Drivers/I2C.o
 .ARM.attributes
                0x00000000000001e2       0x33 STM_Drivers/RCC.o
 .ARM.attributes
                0x0000000000000215       0x33 STM_Drivers/SPI.o
 .ARM.attributes
                0x0000000000000248       0x33 STM_Drivers/STK.o
 .ARM.attributes
                0x000000000000027b       0x33 STM_Drivers/TIMER.o
 .ARM.attributes
                0x00000000000002ae       0x33 STM_Drivers/UART.o
 .ARM.attributes
                0x00000000000002e1       0x33 Src/APP.o
 .ARM.attributes
                0x0000000000000314       0x21 Startup/startup_stm32f103c8tx.o
 .ARM.attributes
                0x0000000000000335       0x2d c:/st/stm32cubeide_1.4.0/stm32cubeide/plugins/com.st.stm32cube.ide.mcu.externaltools.gnu-tools-for-stm32.7-2018-q2-update.win32_1.4.0.202007081208/tools/bin/../lib/gcc/arm-none-eabi/7.3.1/../../../../arm-none-eabi/lib/thumb/v7-m\libc_nano.a(lib_a-init.o)
 .ARM.attributes
                0x0000000000000362       0x1d c:/st/stm32cubeide_1.4.0/stm32cubeide/plugins/com.st.stm32cube.ide.mcu.externaltools.gnu-tools-for-stm32.7-2018-q2-update.win32_1.4.0.202007081208/tools/bin/../lib/gcc/arm-none-eabi/7.3.1/thumb/v7-m\libgcc.a(_arm_addsubdf3.o)
 .ARM.attributes
                0x000000000000037f       0x1d c:/st/stm32cubeide_1.4.0/stm32cubeide/plugins/com.st.stm32cube.ide.mcu.externaltools.gnu-tools-for-stm32.7-2018-q2-update.win32_1.4.0.202007081208/tools/bin/../lib/gcc/arm-none-eabi/7.3.1/thumb/v7-m\libgcc.a(_arm_muldivdf3.o)
 .ARM.attributes
                0x000000000000039c       0x1d c:/st/stm32cubeide_1.4.0/stm32cubeide/plugins/com.st.stm32cube.ide.mcu.externaltools.gnu-tools-for-stm32.7-2018-q2-update.win32_1.4.0.202007081208/tools/bin/../lib/gcc/arm-none-eabi/7.3.1/thumb/v7-m\libgcc.a(_arm_truncdfsf2.o)
 .ARM.attributes
                0x00000000000003b9       0x1d c:/st/stm32cubeide_1.4.0/stm32cubeide/plugins/com.st.stm32cube.ide.mcu.externaltools.gnu-tools-for-stm32.7-2018-q2-update.win32_1.4.0.202007081208/tools/bin/../lib/gcc/arm-none-eabi/7.3.1/thumb/v7-m\libgcc.a(_arm_addsubsf3.o)
 .ARM.attributes
                0x00000000000003d6       0x1d c:/st/stm32cubeide_1.4.0/stm32cubeide/plugins/com.st.stm32cube.ide.mcu.externaltools.gnu-tools-for-stm32.7-2018-q2-update.win32_1.4.0.202007081208/tools/bin/../lib/gcc/arm-none-eabi/7.3.1/thumb/v7-m\libgcc.a(_arm_fixunssfsi.o)
 .ARM.attributes
                0x00000000000003f3       0x1d c:/st/stm32cubeide_1.4.0/stm32cubeide/plugins/com.st.stm32cube.ide.mcu.externaltools.gnu-tools-for-stm32.7-2018-q2-update.win32_1.4.0.202007081208/tools/bin/../lib/gcc/arm-none-eabi/7.3.1/thumb/v7-m/crtn.o
OUTPUT(Graduation_Project_2024.elf elf32-littlearm)

.debug_info     0x0000000000000000     0xb870
 .debug_info    0x0000000000000000      0xacd HAL/BUZZER.o
 .debug_info    0x0000000000000acd      0xbcd HAL/DC.o
 .debug_info    0x000000000000169a      0xace HAL/LDR.o
 .debug_info    0x0000000000002168      0xb55 HAL/ULTRASONIC.o
 .debug_info    0x0000000000002cbd      0xc50 STM_Drivers/ADC.o
 .debug_info    0x000000000000390d      0xdbd STM_Drivers/EXTI.o
 .debug_info    0x00000000000046ca      0xe67 STM_Drivers/GPIO.o
 .debug_info    0x0000000000005531     0x1323 STM_Drivers/I2C.o
 .debug_info    0x0000000000006854      0xb09 STM_Drivers/RCC.o
 .debug_info    0x000000000000735d      0xf12 STM_Drivers/SPI.o
 .debug_info    0x000000000000826f      0xc69 STM_Drivers/STK.o
 .debug_info    0x0000000000008ed8      0xd8d STM_Drivers/TIMER.o
 .debug_info    0x0000000000009c65      0xeb8 STM_Drivers/UART.o
 .debug_info    0x000000000000ab1d      0xd31 Src/APP.o
 .debug_info    0x000000000000b84e       0x22 Startup/startup_stm32f103c8tx.o

.debug_abbrev   0x0000000000000000     0x1c77
 .debug_abbrev  0x0000000000000000      0x17f HAL/BUZZER.o
 .debug_abbrev  0x000000000000017f      0x1a6 HAL/DC.o
 .debug_abbrev  0x0000000000000325      0x1aa HAL/LDR.o
 .debug_abbrev  0x00000000000004cf      0x1f2 HAL/ULTRASONIC.o
 .debug_abbrev  0x00000000000006c1      0x1da STM_Drivers/ADC.o
 .debug_abbrev  0x000000000000089b      0x228 STM_Drivers/EXTI.o
 .debug_abbrev  0x0000000000000ac3      0x26a STM_Drivers/GPIO.o
 .debug_abbrev  0x0000000000000d2d      0x2b3 STM_Drivers/I2C.o
 .debug_abbrev  0x0000000000000fe0      0x19b STM_Drivers/RCC.o
 .debug_abbrev  0x000000000000117b      0x269 STM_Drivers/SPI.o
 .debug_abbrev  0x00000000000013e4      0x1f6 STM_Drivers/STK.o
 .debug_abbrev  0x00000000000015da      0x1e5 STM_Drivers/TIMER.o
 .debug_abbrev  0x00000000000017bf      0x292 STM_Drivers/UART.o
 .debug_abbrev  0x0000000000001a51      0x214 Src/APP.o
 .debug_abbrev  0x0000000000001c65       0x12 Startup/startup_stm32f103c8tx.o

.debug_loc      0x0000000000000000     0x1f6c
 .debug_loc     0x0000000000000000       0x84 HAL/BUZZER.o
 .debug_loc     0x0000000000000084      0x1e0 HAL/DC.o
 .debug_loc     0x0000000000000264       0x7c HAL/LDR.o
 .debug_loc     0x00000000000002e0      0x108 HAL/ULTRASONIC.o
 .debug_loc     0x00000000000003e8      0x178 STM_Drivers/ADC.o
 .debug_loc     0x0000000000000560      0x320 STM_Drivers/EXTI.o
 .debug_loc     0x0000000000000880      0x494 STM_Drivers/GPIO.o
 .debug_loc     0x0000000000000d14      0x580 STM_Drivers/I2C.o
 .debug_loc     0x0000000000001294       0xc8 STM_Drivers/RCC.o
 .debug_loc     0x000000000000135c      0x2bc STM_Drivers/SPI.o
 .debug_loc     0x0000000000001618      0x300 STM_Drivers/STK.o
 .debug_loc     0x0000000000001918      0x248 STM_Drivers/TIMER.o
 .debug_loc     0x0000000000001b60      0x3a8 STM_Drivers/UART.o
 .debug_loc     0x0000000000001f08       0x64 Src/APP.o

.debug_aranges  0x0000000000000000      0x4b8
 .debug_aranges
                0x0000000000000000       0x30 HAL/BUZZER.o
 .debug_aranges
                0x0000000000000030       0x48 HAL/DC.o
 .debug_aranges
                0x0000000000000078       0x28 HAL/LDR.o
 .debug_aranges
                0x00000000000000a0       0x30 HAL/ULTRASONIC.o
 .debug_aranges
                0x00000000000000d0       0x40 STM_Drivers/ADC.o
 .debug_aranges
                0x0000000000000110       0x80 STM_Drivers/EXTI.o
 .debug_aranges
                0x0000000000000190       0x80 STM_Drivers/GPIO.o
 .debug_aranges
                0x0000000000000210       0xa0 STM_Drivers/I2C.o
 .debug_aranges
                0x00000000000002b0       0x38 STM_Drivers/RCC.o
 .debug_aranges
                0x00000000000002e8       0x58 STM_Drivers/SPI.o
 .debug_aranges
                0x0000000000000340       0x60 STM_Drivers/STK.o
 .debug_aranges
                0x00000000000003a0       0x50 STM_Drivers/TIMER.o
 .debug_aranges
                0x00000000000003f0       0x78 STM_Drivers/UART.o
 .debug_aranges
                0x0000000000000468       0x28 Src/APP.o
 .debug_aranges
                0x0000000000000490       0x28 Startup/startup_stm32f103c8tx.o

.debug_ranges   0x0000000000000000      0x3d0
 .debug_ranges  0x0000000000000000       0x20 HAL/BUZZER.o
 .debug_ranges  0x0000000000000020       0x38 HAL/DC.o
 .debug_ranges  0x0000000000000058       0x18 HAL/LDR.o
 .debug_ranges  0x0000000000000070       0x20 HAL/ULTRASONIC.o
 .debug_ranges  0x0000000000000090       0x30 STM_Drivers/ADC.o
 .debug_ranges  0x00000000000000c0       0x70 STM_Drivers/EXTI.o
 .debug_ranges  0x0000000000000130       0x70 STM_Drivers/GPIO.o
 .debug_ranges  0x00000000000001a0       0x90 STM_Drivers/I2C.o
 .debug_ranges  0x0000000000000230       0x28 STM_Drivers/RCC.o
 .debug_ranges  0x0000000000000258       0x48 STM_Drivers/SPI.o
 .debug_ranges  0x00000000000002a0       0x50 STM_Drivers/STK.o
 .debug_ranges  0x00000000000002f0       0x40 STM_Drivers/TIMER.o
 .debug_ranges  0x0000000000000330       0x68 STM_Drivers/UART.o
 .debug_ranges  0x0000000000000398       0x18 Src/APP.o
 .debug_ranges  0x00000000000003b0       0x20 Startup/startup_stm32f103c8tx.o

.debug_macro    0x0000000000000000     0x44bb
 .debug_macro   0x0000000000000000      0x14e HAL/BUZZER.o
 .debug_macro   0x000000000000014e      0xa60 HAL/BUZZER.o
 .debug_macro   0x0000000000000bae       0x18 HAL/BUZZER.o
 .debug_macro   0x0000000000000bc6       0x22 HAL/BUZZER.o
 .debug_macro   0x0000000000000be8       0x40 HAL/BUZZER.o
 .debug_macro   0x0000000000000c28       0x94 HAL/BUZZER.o
 .debug_macro   0x0000000000000cbc       0x3c HAL/BUZZER.o
 .debug_macro   0x0000000000000cf8       0x34 HAL/BUZZER.o
 .debug_macro   0x0000000000000d2c       0x16 HAL/BUZZER.o
 .debug_macro   0x0000000000000d42      0x10e HAL/BUZZER.o
 .debug_macro   0x0000000000000e50       0x8d HAL/BUZZER.o
 .debug_macro   0x0000000000000edd       0x57 HAL/BUZZER.o
 .debug_macro   0x0000000000000f34       0x52 HAL/BUZZER.o
 .debug_macro   0x0000000000000f86       0x1f HAL/BUZZER.o
 .debug_macro   0x0000000000000fa5       0x43 HAL/BUZZER.o
 .debug_macro   0x0000000000000fe8       0x20 HAL/BUZZER.o
 .debug_macro   0x0000000000001008      0x1a3 HAL/BUZZER.o
 .debug_macro   0x00000000000011ab      0x330 HAL/BUZZER.o
 .debug_macro   0x00000000000014db       0x16 HAL/BUZZER.o
 .debug_macro   0x00000000000014f1       0x29 HAL/BUZZER.o
 .debug_macro   0x000000000000151a       0xef HAL/BUZZER.o
 .debug_macro   0x0000000000001609       0x6a HAL/BUZZER.o
 .debug_macro   0x0000000000001673      0x1df HAL/BUZZER.o
 .debug_macro   0x0000000000001852      0x4ae HAL/BUZZER.o
 .debug_macro   0x0000000000001d00      0x12f HAL/BUZZER.o
 .debug_macro   0x0000000000001e2f       0x10 HAL/BUZZER.o
 .debug_macro   0x0000000000001e3f      0x16a HAL/DC.o
 .debug_macro   0x0000000000001fa9       0x46 HAL/DC.o
 .debug_macro   0x0000000000001fef       0x16 HAL/DC.o
 .debug_macro   0x0000000000002005       0xb2 HAL/DC.o
 .debug_macro   0x00000000000020b7      0x157 HAL/LDR.o
 .debug_macro   0x000000000000220e      0x135 HAL/LDR.o
 .debug_macro   0x0000000000002343      0x100 HAL/LDR.o
 .debug_macro   0x0000000000002443       0x1c HAL/LDR.o
 .debug_macro   0x000000000000245f      0x15b HAL/ULTRASONIC.o
 .debug_macro   0x00000000000025ba       0x22 HAL/ULTRASONIC.o
 .debug_macro   0x00000000000025dc      0x184 STM_Drivers/ADC.o
 .debug_macro   0x0000000000002760      0x160 STM_Drivers/EXTI.o
 .debug_macro   0x00000000000028c0      0x4ae STM_Drivers/EXTI.o
 .debug_macro   0x0000000000002d6e      0x22b STM_Drivers/EXTI.o
 .debug_macro   0x0000000000002f99      0x13f STM_Drivers/GPIO.o
 .debug_macro   0x00000000000030d8      0x15d STM_Drivers/I2C.o
 .debug_macro   0x0000000000003235       0xd6 STM_Drivers/I2C.o
 .debug_macro   0x000000000000330b      0x143 STM_Drivers/RCC.o
 .debug_macro   0x000000000000344e       0x10 STM_Drivers/RCC.o
 .debug_macro   0x000000000000345e      0x160 STM_Drivers/SPI.o
 .debug_macro   0x00000000000035be       0xb8 STM_Drivers/SPI.o
 .debug_macro   0x0000000000003676      0x222 STM_Drivers/STK.o
 .debug_macro   0x0000000000003898       0x22 STM_Drivers/STK.o
 .debug_macro   0x00000000000038ba       0x1c STM_Drivers/STK.o
 .debug_macro   0x00000000000038d6       0x35 STM_Drivers/STK.o
 .debug_macro   0x000000000000390b       0x10 STM_Drivers/STK.o
 .debug_macro   0x000000000000391b       0x10 STM_Drivers/STK.o
 .debug_macro   0x000000000000392b       0x1c STM_Drivers/STK.o
 .debug_macro   0x0000000000003947       0x52 STM_Drivers/STK.o
 .debug_macro   0x0000000000003999       0x40 STM_Drivers/STK.o
 .debug_macro   0x00000000000039d9       0x10 STM_Drivers/STK.o
 .debug_macro   0x00000000000039e9       0x40 STM_Drivers/STK.o
 .debug_macro   0x0000000000003a29       0xd7 STM_Drivers/STK.o
 .debug_macro   0x0000000000003b00       0x1c STM_Drivers/STK.o
 .debug_macro   0x0000000000003b1c       0x3d STM_Drivers/STK.o
 .debug_macro   0x0000000000003b59       0x16 STM_Drivers/STK.o
 .debug_macro   0x0000000000003b6f      0x145 STM_Drivers/STK.o
 .debug_macro   0x0000000000003cb4       0x40 STM_Drivers/STK.o
 .debug_macro   0x0000000000003cf4       0x3a STM_Drivers/STK.o
 .debug_macro   0x0000000000003d2e      0x157 STM_Drivers/TIMER.o
 .debug_macro   0x0000000000003e85      0x148 STM_Drivers/UART.o
 .debug_macro   0x0000000000003fcd       0xf4 STM_Drivers/UART.o
 .debug_macro   0x00000000000040c1      0x1ae Src/APP.o
 .debug_macro   0x000000000000426f       0xfa Src/APP.o
 .debug_macro   0x0000000000004369      0x106 Src/APP.o
 .debug_macro   0x000000000000446f       0x4c Src/APP.o

.debug_line     0x0000000000000000     0x59b2
 .debug_line    0x0000000000000000      0x5b8 HAL/BUZZER.o
 .debug_line    0x00000000000005b8      0x620 HAL/DC.o
 .debug_line    0x0000000000000bd8      0x5ac HAL/LDR.o
 .debug_line    0x0000000000001184      0x608 HAL/ULTRASONIC.o
 .debug_line    0x000000000000178c      0x5a5 STM_Drivers/ADC.o
 .debug_line    0x0000000000001d31      0x704 STM_Drivers/EXTI.o
 .debug_line    0x0000000000002435      0x6fd STM_Drivers/GPIO.o
 .debug_line    0x0000000000002b32      0x7d7 STM_Drivers/I2C.o
 .debug_line    0x0000000000003309      0x57b STM_Drivers/RCC.o
 .debug_line    0x0000000000003884      0x676 STM_Drivers/SPI.o
 .debug_line    0x0000000000003efa      0x706 STM_Drivers/STK.o
 .debug_line    0x0000000000004600      0x610 STM_Drivers/TIMER.o
 .debug_line    0x0000000000004c10      0x698 STM_Drivers/UART.o
 .debug_line    0x00000000000052a8      0x686 Src/APP.o
 .debug_line    0x000000000000592e       0x84 Startup/startup_stm32f103c8tx.o

.debug_str      0x0000000000000000     0xdf0e
 .debug_str     0x0000000000000000     0x8d56 HAL/BUZZER.o
                                       0x8fc3 (size before relaxing)
 .debug_str     0x0000000000008d56      0x5e3 HAL/DC.o
                                       0x952a (size before relaxing)
 .debug_str     0x0000000000009339      0x3d4 HAL/LDR.o
                                       0x931b (size before relaxing)
 .debug_str     0x000000000000970d       0xd3 HAL/ULTRASONIC.o
                                       0x9069 (size before relaxing)
 .debug_str     0x00000000000097e0      0x131 STM_Drivers/ADC.o
                                       0x938e (size before relaxing)
 .debug_str     0x0000000000009911     0x14d7 STM_Drivers/EXTI.o
                                       0xa433 (size before relaxing)
 .debug_str     0x000000000000ade8      0x11f STM_Drivers/GPIO.o
                                       0x90d1 (size before relaxing)
 .debug_str     0x000000000000af07      0x8a2 STM_Drivers/I2C.o
                                       0x98c5 (size before relaxing)
 .debug_str     0x000000000000b7a9       0x8b STM_Drivers/RCC.o
                                       0x89d1 (size before relaxing)
 .debug_str     0x000000000000b834      0x79b STM_Drivers/SPI.o
                                       0x9733 (size before relaxing)
 .debug_str     0x000000000000bfcf     0x15e5 STM_Drivers/STK.o
                                       0x9ec7 (size before relaxing)
 .debug_str     0x000000000000d5b4       0xc9 STM_Drivers/TIMER.o
                                       0x9499 (size before relaxing)
 .debug_str     0x000000000000d67d      0x7f8 STM_Drivers/UART.o
                                       0x97ff (size before relaxing)
 .debug_str     0x000000000000de75       0x68 Src/APP.o
                                       0xa05e (size before relaxing)
 .debug_str     0x000000000000dedd       0x31 Startup/startup_stm32f103c8tx.o
                                         0x78 (size before relaxing)

.comment        0x0000000000000000       0x7b
 .comment       0x0000000000000000       0x7b HAL/BUZZER.o
                                         0x7c (size before relaxing)
 .comment       0x000000000000007b       0x7c HAL/DC.o
 .comment       0x000000000000007b       0x7c HAL/LDR.o
 .comment       0x000000000000007b       0x7c HAL/ULTRASONIC.o
 .comment       0x000000000000007b       0x7c STM_Drivers/ADC.o
 .comment       0x000000000000007b       0x7c STM_Drivers/EXTI.o
 .comment       0x000000000000007b       0x7c STM_Drivers/GPIO.o
 .comment       0x000000000000007b       0x7c STM_Drivers/I2C.o
 .comment       0x000000000000007b       0x7c STM_Drivers/RCC.o
 .comment       0x000000000000007b       0x7c STM_Drivers/SPI.o
 .comment       0x000000000000007b       0x7c STM_Drivers/STK.o
 .comment       0x000000000000007b       0x7c STM_Drivers/TIMER.o
 .comment       0x000000000000007b       0x7c STM_Drivers/UART.o
 .comment       0x000000000000007b       0x7c Src/APP.o

.debug_frame    0x0000000000000000     0x1148
 .debug_frame   0x0000000000000000       0x64 HAL/BUZZER.o
 .debug_frame   0x0000000000000064       0xe8 HAL/DC.o
 .debug_frame   0x000000000000014c       0x50 HAL/LDR.o
 .debug_frame   0x000000000000019c       0x88 HAL/ULTRASONIC.o
 .debug_frame   0x0000000000000224       0xc0 STM_Drivers/ADC.o
 .debug_frame   0x00000000000002e4      0x1b0 STM_Drivers/EXTI.o
 .debug_frame   0x0000000000000494      0x214 STM_Drivers/GPIO.o
 .debug_frame   0x00000000000006a8      0x288 STM_Drivers/I2C.o
 .debug_frame   0x0000000000000930       0x84 STM_Drivers/RCC.o
 .debug_frame   0x00000000000009b4      0x14c STM_Drivers/SPI.o
 .debug_frame   0x0000000000000b00      0x168 STM_Drivers/STK.o
 .debug_frame   0x0000000000000c68      0x114 STM_Drivers/TIMER.o
 .debug_frame   0x0000000000000d7c      0x1c4 STM_Drivers/UART.o
 .debug_frame   0x0000000000000f40       0x4c Src/APP.o
 .debug_frame   0x0000000000000f8c       0x2c c:/st/stm32cubeide_1.4.0/stm32cubeide/plugins/com.st.stm32cube.ide.mcu.externaltools.gnu-tools-for-stm32.7-2018-q2-update.win32_1.4.0.202007081208/tools/bin/../lib/gcc/arm-none-eabi/7.3.1/../../../../arm-none-eabi/lib/thumb/v7-m\libc_nano.a(lib_a-init.o)
 .debug_frame   0x0000000000000fb8       0xac c:/st/stm32cubeide_1.4.0/stm32cubeide/plugins/com.st.stm32cube.ide.mcu.externaltools.gnu-tools-for-stm32.7-2018-q2-update.win32_1.4.0.202007081208/tools/bin/../lib/gcc/arm-none-eabi/7.3.1/thumb/v7-m\libgcc.a(_arm_addsubdf3.o)
 .debug_frame   0x0000000000001064       0x50 c:/st/stm32cubeide_1.4.0/stm32cubeide/plugins/com.st.stm32cube.ide.mcu.externaltools.gnu-tools-for-stm32.7-2018-q2-update.win32_1.4.0.202007081208/tools/bin/../lib/gcc/arm-none-eabi/7.3.1/thumb/v7-m\libgcc.a(_arm_muldivdf3.o)
 .debug_frame   0x00000000000010b4       0x24 c:/st/stm32cubeide_1.4.0/stm32cubeide/plugins/com.st.stm32cube.ide.mcu.externaltools.gnu-tools-for-stm32.7-2018-q2-update.win32_1.4.0.202007081208/tools/bin/../lib/gcc/arm-none-eabi/7.3.1/thumb/v7-m\libgcc.a(_arm_truncdfsf2.o)
 .debug_frame   0x00000000000010d8       0x4c c:/st/stm32cubeide_1.4.0/stm32cubeide/plugins/com.st.stm32cube.ide.mcu.externaltools.gnu-tools-for-stm32.7-2018-q2-update.win32_1.4.0.202007081208/tools/bin/../lib/gcc/arm-none-eabi/7.3.1/thumb/v7-m\libgcc.a(_arm_addsubsf3.o)
 .debug_frame   0x0000000000001124       0x24 c:/st/stm32cubeide_1.4.0/stm32cubeide/plugins/com.st.stm32cube.ide.mcu.externaltools.gnu-tools-for-stm32.7-2018-q2-update.win32_1.4.0.202007081208/tools/bin/../lib/gcc/arm-none-eabi/7.3.1/thumb/v7-m\libgcc.a(_arm_fixunssfsi.o)
