UART.c:40:6:MCAL_UART_Init	24	static
UART.c:118:6:MCAL_UART_DeInit	16	static
UART.c:155:6:MCAL_UART_SendData	24	static
UART.c:176:6:MCAL_UART_ReceiveData	24	static
UART.c:202:6:MCAL_UART_WAIT_TC	16	static
UART.c:215:6:MCAL_UART_GPIO_Set_Pins	24	static
UART.c:325:6:USART1_IRQHandler	8	static
UART.c:332:6:USART2_IRQHandler	8	static
UART.c:337:6:USART3_IRQHandler	8	static
UART.c:343:9:MCAL_UART_IsDataAvailable	16	static
UART.c:349:9:UART_Recieve_Data	16	static
UART.c:358:6:UART_Transmit_Data	16	static
